<?xml version="1.0" encoding="UTF-8"?>
<CAS version="2">
    <uima.cas.Sofa _indexed="0" _id="3" sofaNum="1" sofaID="_InitialView" mimeType="text" sofaString="&#13;&#10;Dr. Nutritious&#13;&#10;&#13;&#10;Medical Nutrition Therapy for Hyperlipidemia&#13;&#10;&#13;&#10;Referral from: Julie Tester, RD, LD, CNSD&#13;&#10;Phone contact: (555) 555-1212&#13;&#10;Height: 144 cm   Current Weight: 45 kg   Date of current weight: 02-29-2001   Admit Weight:  53 kg   BMI: 18 kg/m2&#13;&#10;Diet: General&#13;&#10;Daily Calorie needs (kcals): 1500 calories, assessed as HB + 20% for activity.&#13;&#10;Daily Protein needs: 40 grams,  assessed as 1.0 g/kg.&#13;&#10;Pt has been on a 3-day calorie count and has had an average intake of 1100 calories.  She was instructed to drink 2-3 cans of liquid supplement to help promote weight gain.  She agrees with the plan and has my number for further assessment. May want a Resting Metabolic Rate as well. She takes an aspirin a day for knee pain.&#13;&#10;"/>
    <org.apache.ctakes.typesystem.type.structured.DocumentID _indexed="1" _id="1" documentID="testpatient_plaintext_1.txt"/>
    <uima.tcas.DocumentAnnotation _indexed="1" _id="10" _ref_sofa="3" begin="0" end="735" language="x-unspecified"/>
    <org.apache.ctakes.typesystem.type.textspan.Segment _indexed="1" _id="15" _ref_sofa="3" begin="0" end="735" id="SIMPLE_SEGMENT"/>
    <org.apache.ctakes.typesystem.type.syntax.NewlineToken _indexed="1" _id="20" _ref_sofa="3" begin="0" end="2" tokenNumber="0"/>
    <org.apache.ctakes.typesystem.type.syntax.NewlineToken _indexed="1" _id="28" _ref_sofa="3" begin="16" end="18" tokenNumber="1"/>
    <org.apache.ctakes.typesystem.type.syntax.NewlineToken _indexed="1" _id="36" _ref_sofa="3" begin="18" end="20" tokenNumber="2"/>
    <org.apache.ctakes.typesystem.type.syntax.NewlineToken _indexed="1" _id="44" _ref_sofa="3" begin="64" end="66" tokenNumber="3"/>
    <org.apache.ctakes.typesystem.type.syntax.NewlineToken _indexed="1" _id="52" _ref_sofa="3" begin="66" end="68" tokenNumber="4"/>
    <org.apache.ctakes.typesystem.type.syntax.NewlineToken _indexed="1" _id="60" _ref_sofa="3" begin="109" end="111" tokenNumber="5"/>
    <org.apache.ctakes.typesystem.type.syntax.NewlineToken _indexed="1" _id="68" _ref_sofa="3" begin="140" end="142" tokenNumber="6"/>
    <org.apache.ctakes.typesystem.type.syntax.NewlineToken _indexed="1" _id="76" _ref_sofa="3" begin="256" end="258" tokenNumber="7"/>
    <org.apache.ctakes.typesystem.type.syntax.NewlineToken _indexed="1" _id="84" _ref_sofa="3" begin="271" end="273" tokenNumber="8"/>
    <org.apache.ctakes.typesystem.type.syntax.NewlineToken _indexed="1" _id="92" _ref_sofa="3" begin="351" end="353" tokenNumber="9"/>
    <org.apache.ctakes.typesystem.type.syntax.NewlineToken _indexed="1" _id="100" _ref_sofa="3" begin="406" end="408" tokenNumber="10"/>
    <org.apache.ctakes.typesystem.type.syntax.NewlineToken _indexed="1" _id="108" _ref_sofa="3" begin="733" end="735" tokenNumber="11"/>
    <org.apache.ctakes.typesystem.type.textspan.Sentence _indexed="1" _id="116" _ref_sofa="3" begin="2" end="16" sentenceNumber="0"/>
    <org.apache.ctakes.typesystem.type.textspan.Sentence _indexed="1" _id="122" _ref_sofa="3" begin="20" end="64" sentenceNumber="1"/>
    <org.apache.ctakes.typesystem.type.textspan.Sentence _indexed="1" _id="128" _ref_sofa="3" begin="68" end="109" sentenceNumber="2"/>
    <org.apache.ctakes.typesystem.type.textspan.Sentence _indexed="1" _id="134" _ref_sofa="3" begin="111" end="125" sentenceNumber="3"/>
    <org.apache.ctakes.typesystem.type.textspan.Sentence _indexed="1" _id="140" _ref_sofa="3" begin="126" end="140" sentenceNumber="4"/>
    <org.apache.ctakes.typesystem.type.textspan.Sentence _indexed="1" _id="146" _ref_sofa="3" begin="142" end="149" sentenceNumber="5"/>
    <org.apache.ctakes.typesystem.type.textspan.Sentence _indexed="1" _id="152" _ref_sofa="3" begin="150" end="174" sentenceNumber="6"/>
    <org.apache.ctakes.typesystem.type.textspan.Sentence _indexed="1" _id="158" _ref_sofa="3" begin="175" end="206" sentenceNumber="7"/>
    <org.apache.ctakes.typesystem.type.textspan.Sentence _indexed="1" _id="164" _ref_sofa="3" begin="207" end="233" sentenceNumber="8"/>
    <org.apache.ctakes.typesystem.type.textspan.Sentence _indexed="1" _id="170" _ref_sofa="3" begin="235" end="247" sentenceNumber="9"/>
    <org.apache.ctakes.typesystem.type.textspan.Sentence _indexed="1" _id="176" _ref_sofa="3" begin="248" end="256" sentenceNumber="10"/>
    <org.apache.ctakes.typesystem.type.textspan.Sentence _indexed="1" _id="182" _ref_sofa="3" begin="258" end="271" sentenceNumber="11"/>
    <org.apache.ctakes.typesystem.type.textspan.Sentence _indexed="1" _id="188" _ref_sofa="3" begin="273" end="301" sentenceNumber="12"/>
    <org.apache.ctakes.typesystem.type.textspan.Sentence _indexed="1" _id="194" _ref_sofa="3" begin="302" end="351" sentenceNumber="13"/>
    <org.apache.ctakes.typesystem.type.textspan.Sentence _indexed="1" _id="200" _ref_sofa="3" begin="353" end="373" sentenceNumber="14"/>
    <org.apache.ctakes.typesystem.type.textspan.Sentence _indexed="1" _id="206" _ref_sofa="3" begin="374" end="399" sentenceNumber="15"/>
    <org.apache.ctakes.typesystem.type.textspan.Sentence _indexed="1" _id="212" _ref_sofa="3" begin="399" end="406" sentenceNumber="16"/>
    <org.apache.ctakes.typesystem.type.textspan.Sentence _indexed="1" _id="218" _ref_sofa="3" begin="408" end="492" sentenceNumber="17"/>
    <org.apache.ctakes.typesystem.type.textspan.Sentence _indexed="1" _id="224" _ref_sofa="3" begin="494" end="648" sentenceNumber="18"/>
    <org.apache.ctakes.typesystem.type.textspan.Sentence _indexed="1" _id="230" _ref_sofa="3" begin="649" end="733" sentenceNumber="19"/>
</CAS>
