<?xml version="1.0" encoding="UTF-8"?>
<CAS version="2">
    <uima.cas.Sofa _indexed="0" _id="3" sofaNum="1" sofaID="_InitialView" mimeType="text" sofaString="Patient Centered Medicine 2&#13;&#10;Revised: 2/7/10&#13;&#10;DATA BASE: SAMPLE HISTORY&#13;&#10;IDENTIFYING DATA &#13;&#10;CM is a 45-year-old, widowed, white saleswoman, born in the U.S.&#13;&#10;CHIEF COMPLAINT&#13;&#10;�Insomnia�&#13;&#10;HISTORY OF PRESENT ILLNESS &#13;&#10;She is also concerned that they make her irritable with her family.  She isn't sleeping well, since she quit smoking cigs.&#13;&#10;PAST MEDICAL HISTORY&#13;&#10;Significant Childhood Illnesses&#13;&#10;Only measles and chickenpox&#13;&#10;Immunizations&#13;&#10;Last tetanus 1998&#13;&#10;Flu vaccine last November&#13;&#10;Adult Illnesses/Hospitalizations&#13;&#10;- Kidney infection 1982 treated with ampicillin and developed a generalized rash.&#13;&#10;- Hypertension x 7 years, well controlled with home BPs normally 120-130/low 80s&#13;&#10;Patient Centered Medicine 2&#13;&#10;Psychiatric Illnesses/Hospitalizations&#13;&#10;None&#13;&#10;Operations&#13;&#10;Tonsillectomy, age 6,&#13;&#10;Appendectomy, age 13&#13;&#10;Habits&#13;&#10;tobacco : quit.&#13;&#10;Injuries/Accidents&#13;&#10;1998 foot laceration, 4 stitches&#13;&#10;Obstetric History&#13;&#10;G3, P3, 3 living children. Menarche age 12. Last menses 2 weeks ago.&#13;&#10;Transfusions&#13;&#10;None&#13;&#10;"/>
    <org.apache.ctakes.typesystem.type.structured.DocumentID _indexed="1" _id="1" documentID="doc2_07543210_sample_past_smoker.txt"/>
    <uima.tcas.DocumentAnnotation _indexed="1" _id="10" _ref_sofa="3" begin="0" end="1004" language="x-unspecified"/>
    <org.apache.ctakes.typesystem.type.textspan.Segment _indexed="1" _id="15" _ref_sofa="3" begin="0" end="1004" id="SIMPLE_SEGMENT"/>
    <org.apache.ctakes.typesystem.type.syntax.NewlineToken _indexed="1" _id="20" _ref_sofa="3" begin="27" end="29" tokenNumber="0"/>
    <org.apache.ctakes.typesystem.type.syntax.NewlineToken _indexed="1" _id="28" _ref_sofa="3" begin="44" end="46" tokenNumber="1"/>
    <org.apache.ctakes.typesystem.type.syntax.NewlineToken _indexed="1" _id="36" _ref_sofa="3" begin="71" end="73" tokenNumber="2"/>
    <org.apache.ctakes.typesystem.type.syntax.NewlineToken _indexed="1" _id="44" _ref_sofa="3" begin="90" end="92" tokenNumber="3"/>
    <org.apache.ctakes.typesystem.type.syntax.NewlineToken _indexed="1" _id="52" _ref_sofa="3" begin="156" end="158" tokenNumber="4"/>
    <org.apache.ctakes.typesystem.type.syntax.NewlineToken _indexed="1" _id="60" _ref_sofa="3" begin="173" end="175" tokenNumber="5"/>
    <org.apache.ctakes.typesystem.type.syntax.NewlineToken _indexed="1" _id="68" _ref_sofa="3" begin="185" end="187" tokenNumber="6"/>
    <org.apache.ctakes.typesystem.type.syntax.NewlineToken _indexed="1" _id="76" _ref_sofa="3" begin="214" end="216" tokenNumber="7"/>
    <org.apache.ctakes.typesystem.type.syntax.NewlineToken _indexed="1" _id="84" _ref_sofa="3" begin="338" end="340" tokenNumber="8"/>
    <org.apache.ctakes.typesystem.type.syntax.NewlineToken _indexed="1" _id="92" _ref_sofa="3" begin="360" end="362" tokenNumber="9"/>
    <org.apache.ctakes.typesystem.type.syntax.NewlineToken _indexed="1" _id="100" _ref_sofa="3" begin="393" end="395" tokenNumber="10"/>
    <org.apache.ctakes.typesystem.type.syntax.NewlineToken _indexed="1" _id="108" _ref_sofa="3" begin="422" end="424" tokenNumber="11"/>
    <org.apache.ctakes.typesystem.type.syntax.NewlineToken _indexed="1" _id="116" _ref_sofa="3" begin="437" end="439" tokenNumber="12"/>
    <org.apache.ctakes.typesystem.type.syntax.NewlineToken _indexed="1" _id="124" _ref_sofa="3" begin="456" end="458" tokenNumber="13"/>
    <org.apache.ctakes.typesystem.type.syntax.NewlineToken _indexed="1" _id="132" _ref_sofa="3" begin="483" end="485" tokenNumber="14"/>
    <org.apache.ctakes.typesystem.type.syntax.NewlineToken _indexed="1" _id="140" _ref_sofa="3" begin="517" end="519" tokenNumber="15"/>
    <org.apache.ctakes.typesystem.type.syntax.NewlineToken _indexed="1" _id="148" _ref_sofa="3" begin="600" end="602" tokenNumber="16"/>
    <org.apache.ctakes.typesystem.type.syntax.NewlineToken _indexed="1" _id="156" _ref_sofa="3" begin="682" end="684" tokenNumber="17"/>
    <org.apache.ctakes.typesystem.type.syntax.NewlineToken _indexed="1" _id="164" _ref_sofa="3" begin="711" end="713" tokenNumber="18"/>
    <org.apache.ctakes.typesystem.type.syntax.NewlineToken _indexed="1" _id="172" _ref_sofa="3" begin="751" end="753" tokenNumber="19"/>
    <org.apache.ctakes.typesystem.type.syntax.NewlineToken _indexed="1" _id="180" _ref_sofa="3" begin="757" end="759" tokenNumber="20"/>
    <org.apache.ctakes.typesystem.type.syntax.NewlineToken _indexed="1" _id="188" _ref_sofa="3" begin="769" end="771" tokenNumber="21"/>
    <org.apache.ctakes.typesystem.type.syntax.NewlineToken _indexed="1" _id="196" _ref_sofa="3" begin="792" end="794" tokenNumber="22"/>
    <org.apache.ctakes.typesystem.type.syntax.NewlineToken _indexed="1" _id="204" _ref_sofa="3" begin="814" end="816" tokenNumber="23"/>
    <org.apache.ctakes.typesystem.type.syntax.NewlineToken _indexed="1" _id="212" _ref_sofa="3" begin="822" end="824" tokenNumber="24"/>
    <org.apache.ctakes.typesystem.type.syntax.NewlineToken _indexed="1" _id="220" _ref_sofa="3" begin="839" end="841" tokenNumber="25"/>
    <org.apache.ctakes.typesystem.type.syntax.NewlineToken _indexed="1" _id="228" _ref_sofa="3" begin="859" end="861" tokenNumber="26"/>
    <org.apache.ctakes.typesystem.type.syntax.NewlineToken _indexed="1" _id="236" _ref_sofa="3" begin="893" end="895" tokenNumber="27"/>
    <org.apache.ctakes.typesystem.type.syntax.NewlineToken _indexed="1" _id="244" _ref_sofa="3" begin="912" end="914" tokenNumber="28"/>
    <org.apache.ctakes.typesystem.type.syntax.NewlineToken _indexed="1" _id="252" _ref_sofa="3" begin="982" end="984" tokenNumber="29"/>
    <org.apache.ctakes.typesystem.type.syntax.NewlineToken _indexed="1" _id="260" _ref_sofa="3" begin="996" end="998" tokenNumber="30"/>
    <org.apache.ctakes.typesystem.type.syntax.NewlineToken _indexed="1" _id="268" _ref_sofa="3" begin="1002" end="1004" tokenNumber="31"/>
    <org.apache.ctakes.typesystem.type.textspan.Sentence _indexed="1" _id="276" _ref_sofa="3" begin="0" end="27" sentenceNumber="0"/>
    <org.apache.ctakes.typesystem.type.textspan.Sentence _indexed="1" _id="282" _ref_sofa="3" begin="29" end="37" sentenceNumber="1"/>
    <org.apache.ctakes.typesystem.type.textspan.Sentence _indexed="1" _id="288" _ref_sofa="3" begin="38" end="44" sentenceNumber="2"/>
    <org.apache.ctakes.typesystem.type.textspan.Sentence _indexed="1" _id="294" _ref_sofa="3" begin="46" end="71" sentenceNumber="3"/>
    <org.apache.ctakes.typesystem.type.textspan.Sentence _indexed="1" _id="300" _ref_sofa="3" begin="73" end="89" sentenceNumber="4"/>
    <org.apache.ctakes.typesystem.type.textspan.Sentence _indexed="1" _id="306" _ref_sofa="3" begin="92" end="156" sentenceNumber="5"/>
    <org.apache.ctakes.typesystem.type.textspan.Sentence _indexed="1" _id="312" _ref_sofa="3" begin="158" end="173" sentenceNumber="6"/>
    <org.apache.ctakes.typesystem.type.textspan.Sentence _indexed="1" _id="318" _ref_sofa="3" begin="175" end="185" sentenceNumber="7"/>
    <org.apache.ctakes.typesystem.type.textspan.Sentence _indexed="1" _id="324" _ref_sofa="3" begin="187" end="213" sentenceNumber="8"/>
    <org.apache.ctakes.typesystem.type.textspan.Sentence _indexed="1" _id="330" _ref_sofa="3" begin="216" end="283" sentenceNumber="9"/>
    <org.apache.ctakes.typesystem.type.textspan.Sentence _indexed="1" _id="336" _ref_sofa="3" begin="285" end="293" sentenceNumber="10"/>
    <org.apache.ctakes.typesystem.type.textspan.Sentence _indexed="1" _id="342" _ref_sofa="3" begin="293" end="338" sentenceNumber="11"/>
    <org.apache.ctakes.typesystem.type.textspan.Sentence _indexed="1" _id="348" _ref_sofa="3" begin="340" end="360" sentenceNumber="12"/>
    <org.apache.ctakes.typesystem.type.textspan.Sentence _indexed="1" _id="354" _ref_sofa="3" begin="362" end="393" sentenceNumber="13"/>
    <org.apache.ctakes.typesystem.type.textspan.Sentence _indexed="1" _id="360" _ref_sofa="3" begin="395" end="422" sentenceNumber="14"/>
    <org.apache.ctakes.typesystem.type.textspan.Sentence _indexed="1" _id="366" _ref_sofa="3" begin="424" end="437" sentenceNumber="15"/>
    <org.apache.ctakes.typesystem.type.textspan.Sentence _indexed="1" _id="372" _ref_sofa="3" begin="439" end="456" sentenceNumber="16"/>
    <org.apache.ctakes.typesystem.type.textspan.Sentence _indexed="1" _id="378" _ref_sofa="3" begin="458" end="483" sentenceNumber="17"/>
    <org.apache.ctakes.typesystem.type.textspan.Sentence _indexed="1" _id="384" _ref_sofa="3" begin="485" end="517" sentenceNumber="18"/>
    <org.apache.ctakes.typesystem.type.textspan.Sentence _indexed="1" _id="390" _ref_sofa="3" begin="519" end="600" sentenceNumber="19"/>
    <org.apache.ctakes.typesystem.type.textspan.Sentence _indexed="1" _id="396" _ref_sofa="3" begin="602" end="682" sentenceNumber="20"/>
    <org.apache.ctakes.typesystem.type.textspan.Sentence _indexed="1" _id="402" _ref_sofa="3" begin="684" end="711" sentenceNumber="21"/>
    <org.apache.ctakes.typesystem.type.textspan.Sentence _indexed="1" _id="408" _ref_sofa="3" begin="713" end="751" sentenceNumber="22"/>
    <org.apache.ctakes.typesystem.type.textspan.Sentence _indexed="1" _id="414" _ref_sofa="3" begin="753" end="757" sentenceNumber="23"/>
    <org.apache.ctakes.typesystem.type.textspan.Sentence _indexed="1" _id="420" _ref_sofa="3" begin="759" end="769" sentenceNumber="24"/>
    <org.apache.ctakes.typesystem.type.textspan.Sentence _indexed="1" _id="426" _ref_sofa="3" begin="771" end="792" sentenceNumber="25"/>
    <org.apache.ctakes.typesystem.type.textspan.Sentence _indexed="1" _id="432" _ref_sofa="3" begin="794" end="814" sentenceNumber="26"/>
    <org.apache.ctakes.typesystem.type.textspan.Sentence _indexed="1" _id="438" _ref_sofa="3" begin="816" end="822" sentenceNumber="27"/>
    <org.apache.ctakes.typesystem.type.textspan.Sentence _indexed="1" _id="444" _ref_sofa="3" begin="824" end="833" sentenceNumber="28"/>
    <org.apache.ctakes.typesystem.type.textspan.Sentence _indexed="1" _id="450" _ref_sofa="3" begin="834" end="839" sentenceNumber="29"/>
    <org.apache.ctakes.typesystem.type.textspan.Sentence _indexed="1" _id="456" _ref_sofa="3" begin="841" end="859" sentenceNumber="30"/>
    <org.apache.ctakes.typesystem.type.textspan.Sentence _indexed="1" _id="462" _ref_sofa="3" begin="861" end="893" sentenceNumber="31"/>
    <org.apache.ctakes.typesystem.type.textspan.Sentence _indexed="1" _id="468" _ref_sofa="3" begin="895" end="912" sentenceNumber="32"/>
    <org.apache.ctakes.typesystem.type.textspan.Sentence _indexed="1" _id="474" _ref_sofa="3" begin="914" end="940" sentenceNumber="33"/>
    <org.apache.ctakes.typesystem.type.textspan.Sentence _indexed="1" _id="480" _ref_sofa="3" begin="941" end="982" sentenceNumber="34"/>
    <org.apache.ctakes.typesystem.type.textspan.Sentence _indexed="1" _id="486" _ref_sofa="3" begin="984" end="996" sentenceNumber="35"/>
    <org.apache.ctakes.typesystem.type.textspan.Sentence _indexed="1" _id="492" _ref_sofa="3" begin="998" end="1002" sentenceNumber="36"/>
</CAS>
