<?xml version="1.0" encoding="UTF-8"?>
<CAS version="2">
    <uima.cas.Sofa _indexed="0" _id="3" sofaNum="1" sofaID="_InitialView" mimeType="text" sofaString="CLINIC`rimsdate`rimstime`resultno`subtype`accesion`lastname`birth_dt`gender`status`secure`testcode`testdesc`doctor`COMMENTS&#13;&#10;54321`02/20/1999`13:21:00`14`GENRAD`987654-3`SMITH`04/03/1916`F`F`N`70955-RRIMS`CT ANGIO ABD W/WO CST ADD SECT`DAVIS, WILLIAM R`20Feb1999 1:21PM CT ABDOMEN w &amp; PELVIS w Indications: ct abd/pel - hernia ventral nos;USE IV CON ORIGINAL REPORT - 10 Aug 2009 3:15PM ROMAYO CT abdomen and pelvis with IV contrast. Comparison with prior MR angiography dated 4-2-04. Again seen is a large ventral hernia containing multiple nonobstructed loops of small bowel and ascending colon. No evidence of vascular compromise within this hernial sac. PO changes of aortobifemoral graft with occluded right limb of the graft just below the bifurcation. Patent femoral crossover graft. Possible diffuse fatty infiltration of the liver. Severe atrophy of the left kidney. The left renal artery is not well delineated and may be occluded. Small scarring in the lower right kidney. Low-lying urinary bladder with a possible small cystocele. Sigmoid diverticulosis. Vascular calcifications. Degenerative changes of the spine, symphysis pubis, and both SI and hip joints. Minimal atelectasis or fibrosis in the lung bases. Remainder of the study is unremarkable.. W. R. Davis MD 5-4321&#13;&#10;54321`02/20/1999`11:20:00`13`GENRAD`987654-4`SMITH`04/03/1916`F`F`N`07552-RRIMS`US Lower Extrem Art-Graft Cmpl`DAVIS, WILLIAM R`20Feb1999 11:20AM US Lower Extrem Art-Graft Cmpl ASO. Patent left femoral-popliteal  bypass. Diffuse tibial artery disease with posterior tibial occlusion. The anterior tibial is patent into the dorsalis pedis and the peroneal artery contributes to the plantar arch via a patent calcaneal branch. Right hypogastric artery stenosis. W. R. Davis MD 5-4321&#13;&#10;54321`02/20/2000`17:15:00`12`CT`876543-2`SMITH`04/03/1916`F`F`N`73200-RRIMS`CT EXT UPPER wo`DAVIS, WILLIAM R`20Feb2000 5:15PM Exam: CT RECONSTRUCTION 20Feb2000 3:17PM Exam: L CT EXT LOWER w Indications: le - L femur pain, r/o^osteomyelitis vs tumor ORIGINAL REPORT - 17 Apr 2006 2:31PM SMH CT left femur with IV contrast. No comparison exam. Along the mid left femoral diaphysis there is an aggressive, malignant appearing process involving the lateral cortex. Adjacent cortical scalloping is present. Codman's triangle's are seen at either end of the lesion consistent with aggressive periosteal reaction. The area of cortical scalloping measures 4.5 cm in length. There is some probable hazy mineral content within the peripheral lucent area suggesting that this is a malignant surface Osteogenic sarcoma. The other consideration is a periosteal Ewing's sarcoma. No associated soft tissue mass or fluid collections. Recommend further evaluation with MRI to evaluate for left femoral bone marrow involvement. Exam was discussed with Dr .W. R. Davis MD 5-4321&#13;&#10;12345`02/20/1999`13:21:00`14`GENRAD`987654-3`SMITH`04/03/1916`F`F`N`07075-RRIMS`Tibia Fibula 2vw AP/Lat`DAVIS, WILLIAM R`20Feb1999 1:21PM Exam: R Tibia Fibula 2vw AP/Lat Indications: Exposed tibia;R/O osteo;S/p BKA ORIGINAL REPORT - 02 Feb 1999 1:21PM ROMAYO Amputation through the proximal shafts of the right tibia and fibula. Ulceration of soft tissues distally. No radiographic evidence of osteomyelitis. The right popliteal artery is largely obscured by metallic artifact from a right TKA. No radiographic evidence of loosening. Extensive arterial calcification. Cast obscures detail. W. R. Davis MD 5-4321&#13;&#10;12345`02/20/1999`11:20:00`13`GENRAD`987654-4`SMITH`04/03/1916`F`F`N`07552-RRIMS`US Lower Extrem Art-Graft Cmpl`DAVIS, WILLIAM R`20Feb1999 11:20AM Exam: Both popliteal arteries are patent with normal flow. W. R. Davis MD 5-4321&#13;&#10;12345`02/20/2000`17:15:00`12`CT`876543-2`SMITH`04/03/1916`F`F`N`73200-RRIMS`CT EXT UPPER wo`DAVIS, WILLIAM R`20Feb2000 5:15PM Exam: CT RECONSTRUCTION 20Feb2000 3:17PM Exam: CT EXT UPPER W/O CONTRAST Indications: Indications: Left shoulder fracture 02/20/2001 3:55PM SMH (2B-3495) CT of the left shoulder including oblique sagittal and oblique coronal reformats demonstrates a slightly comminuted fracture of the surgical neck of the proximal left humerus with anterior and proximal displacement and posterior angulation of the distal fragment. The fracture extends proximally into the greater humeral tuberosity and, to a lesser degree, the inferior aspect of the lesser tuberosity. The articular surface of the humeral head is intact and glenohumeral alignment maintained. W. R. Davis MD 5-4321"/>
    <org.apache.ctakes.typesystem.type.structured.DocumentID _indexed="1" _id="1" documentID="SampleInputRadiologyNotes.txt"/>
    <uima.tcas.DocumentAnnotation _indexed="1" _id="10" _ref_sofa="3" begin="0" end="4467" language="x-unspecified"/>
    <org.apache.ctakes.typesystem.type.textspan.Segment _indexed="1" _id="15" _ref_sofa="3" begin="0" end="4467" id="SIMPLE_SEGMENT"/>
    <org.apache.ctakes.typesystem.type.syntax.NewlineToken _indexed="1" _id="20" _ref_sofa="3" begin="123" end="125" tokenNumber="0"/>
    <org.apache.ctakes.typesystem.type.syntax.NewlineToken _indexed="1" _id="28" _ref_sofa="3" begin="1285" end="1287" tokenNumber="1"/>
    <org.apache.ctakes.typesystem.type.syntax.NewlineToken _indexed="1" _id="36" _ref_sofa="3" begin="1768" end="1770" tokenNumber="2"/>
    <org.apache.ctakes.typesystem.type.syntax.NewlineToken _indexed="1" _id="44" _ref_sofa="3" begin="2829" end="2831" tokenNumber="3"/>
    <org.apache.ctakes.typesystem.type.syntax.NewlineToken _indexed="1" _id="52" _ref_sofa="3" begin="3442" end="3444" tokenNumber="4"/>
    <org.apache.ctakes.typesystem.type.syntax.NewlineToken _indexed="1" _id="60" _ref_sofa="3" begin="3670" end="3672" tokenNumber="5"/>
    <org.apache.ctakes.typesystem.type.textspan.Sentence _indexed="1" _id="68" _ref_sofa="3" begin="0" end="123" sentenceNumber="0"/>
    <org.apache.ctakes.typesystem.type.textspan.Sentence _indexed="1" _id="74" _ref_sofa="3" begin="125" end="306" sentenceNumber="1"/>
    <org.apache.ctakes.typesystem.type.textspan.Sentence _indexed="1" _id="80" _ref_sofa="3" begin="307" end="433" sentenceNumber="2"/>
    <org.apache.ctakes.typesystem.type.textspan.Sentence _indexed="1" _id="86" _ref_sofa="3" begin="434" end="484" sentenceNumber="3"/>
    <org.apache.ctakes.typesystem.type.textspan.Sentence _indexed="1" _id="92" _ref_sofa="3" begin="485" end="597" sentenceNumber="4"/>
    <org.apache.ctakes.typesystem.type.textspan.Sentence _indexed="1" _id="98" _ref_sofa="3" begin="598" end="657" sentenceNumber="5"/>
    <org.apache.ctakes.typesystem.type.textspan.Sentence _indexed="1" _id="104" _ref_sofa="3" begin="658" end="758" sentenceNumber="6"/>
    <org.apache.ctakes.typesystem.type.textspan.Sentence _indexed="1" _id="110" _ref_sofa="3" begin="759" end="790" sentenceNumber="7"/>
    <org.apache.ctakes.typesystem.type.textspan.Sentence _indexed="1" _id="116" _ref_sofa="3" begin="791" end="840" sentenceNumber="8"/>
    <org.apache.ctakes.typesystem.type.textspan.Sentence _indexed="1" _id="122" _ref_sofa="3" begin="841" end="875" sentenceNumber="9"/>
    <org.apache.ctakes.typesystem.type.textspan.Sentence _indexed="1" _id="128" _ref_sofa="3" begin="876" end="941" sentenceNumber="10"/>
    <org.apache.ctakes.typesystem.type.textspan.Sentence _indexed="1" _id="134" _ref_sofa="3" begin="942" end="983" sentenceNumber="11"/>
    <org.apache.ctakes.typesystem.type.textspan.Sentence _indexed="1" _id="140" _ref_sofa="3" begin="984" end="1042" sentenceNumber="12"/>
    <org.apache.ctakes.typesystem.type.textspan.Sentence _indexed="1" _id="146" _ref_sofa="3" begin="1043" end="1066" sentenceNumber="13"/>
    <org.apache.ctakes.typesystem.type.textspan.Sentence _indexed="1" _id="152" _ref_sofa="3" begin="1067" end="1091" sentenceNumber="14"/>
    <org.apache.ctakes.typesystem.type.textspan.Sentence _indexed="1" _id="158" _ref_sofa="3" begin="1092" end="1171" sentenceNumber="15"/>
    <org.apache.ctakes.typesystem.type.textspan.Sentence _indexed="1" _id="164" _ref_sofa="3" begin="1172" end="1222" sentenceNumber="16"/>
    <org.apache.ctakes.typesystem.type.textspan.Sentence _indexed="1" _id="170" _ref_sofa="3" begin="1223" end="1263" sentenceNumber="17"/>
    <org.apache.ctakes.typesystem.type.textspan.Sentence _indexed="1" _id="176" _ref_sofa="3" begin="1264" end="1266" sentenceNumber="18"/>
    <org.apache.ctakes.typesystem.type.textspan.Sentence _indexed="1" _id="182" _ref_sofa="3" begin="1267" end="1269" sentenceNumber="19"/>
    <org.apache.ctakes.typesystem.type.textspan.Sentence _indexed="1" _id="188" _ref_sofa="3" begin="1270" end="1285" sentenceNumber="20"/>
    <org.apache.ctakes.typesystem.type.textspan.Sentence _indexed="1" _id="194" _ref_sofa="3" begin="1287" end="1468" sentenceNumber="21"/>
    <org.apache.ctakes.typesystem.type.textspan.Sentence _indexed="1" _id="200" _ref_sofa="3" begin="1469" end="1507" sentenceNumber="22"/>
    <org.apache.ctakes.typesystem.type.textspan.Sentence _indexed="1" _id="206" _ref_sofa="3" begin="1508" end="1570" sentenceNumber="23"/>
    <org.apache.ctakes.typesystem.type.textspan.Sentence _indexed="1" _id="212" _ref_sofa="3" begin="1571" end="1711" sentenceNumber="24"/>
    <org.apache.ctakes.typesystem.type.textspan.Sentence _indexed="1" _id="218" _ref_sofa="3" begin="1712" end="1746" sentenceNumber="25"/>
    <org.apache.ctakes.typesystem.type.textspan.Sentence _indexed="1" _id="224" _ref_sofa="3" begin="1747" end="1749" sentenceNumber="26"/>
    <org.apache.ctakes.typesystem.type.textspan.Sentence _indexed="1" _id="230" _ref_sofa="3" begin="1750" end="1752" sentenceNumber="27"/>
    <org.apache.ctakes.typesystem.type.textspan.Sentence _indexed="1" _id="236" _ref_sofa="3" begin="1753" end="1768" sentenceNumber="28"/>
    <org.apache.ctakes.typesystem.type.textspan.Sentence _indexed="1" _id="242" _ref_sofa="3" begin="1770" end="1972" sentenceNumber="29"/>
    <org.apache.ctakes.typesystem.type.textspan.Sentence _indexed="1" _id="248" _ref_sofa="3" begin="1973" end="2091" sentenceNumber="30"/>
    <org.apache.ctakes.typesystem.type.textspan.Sentence _indexed="1" _id="254" _ref_sofa="3" begin="2092" end="2230" sentenceNumber="31"/>
    <org.apache.ctakes.typesystem.type.textspan.Sentence _indexed="1" _id="260" _ref_sofa="3" begin="2231" end="2271" sentenceNumber="32"/>
    <org.apache.ctakes.typesystem.type.textspan.Sentence _indexed="1" _id="266" _ref_sofa="3" begin="2272" end="2279" sentenceNumber="33"/>
    <org.apache.ctakes.typesystem.type.textspan.Sentence _indexed="1" _id="272" _ref_sofa="3" begin="2279" end="2290" sentenceNumber="34"/>
    <org.apache.ctakes.typesystem.type.textspan.Sentence _indexed="1" _id="278" _ref_sofa="3" begin="2290" end="2376" sentenceNumber="35"/>
    <org.apache.ctakes.typesystem.type.textspan.Sentence _indexed="1" _id="284" _ref_sofa="3" begin="2377" end="2420" sentenceNumber="36"/>
    <org.apache.ctakes.typesystem.type.textspan.Sentence _indexed="1" _id="290" _ref_sofa="3" begin="2420" end="2435" sentenceNumber="37"/>
    <org.apache.ctakes.typesystem.type.textspan.Sentence _indexed="1" _id="296" _ref_sofa="3" begin="2436" end="2577" sentenceNumber="38"/>
    <org.apache.ctakes.typesystem.type.textspan.Sentence _indexed="1" _id="302" _ref_sofa="3" begin="2578" end="2624" sentenceNumber="39"/>
    <org.apache.ctakes.typesystem.type.textspan.Sentence _indexed="1" _id="308" _ref_sofa="3" begin="2624" end="2634" sentenceNumber="40"/>
    <org.apache.ctakes.typesystem.type.textspan.Sentence _indexed="1" _id="314" _ref_sofa="3" begin="2635" end="2687" sentenceNumber="41"/>
    <org.apache.ctakes.typesystem.type.textspan.Sentence _indexed="1" _id="320" _ref_sofa="3" begin="2688" end="2779" sentenceNumber="42"/>
    <org.apache.ctakes.typesystem.type.textspan.Sentence _indexed="1" _id="326" _ref_sofa="3" begin="2780" end="2813" sentenceNumber="43"/>
    <org.apache.ctakes.typesystem.type.textspan.Sentence _indexed="1" _id="332" _ref_sofa="3" begin="2814" end="2829" sentenceNumber="44"/>
    <org.apache.ctakes.typesystem.type.textspan.Sentence _indexed="1" _id="338" _ref_sofa="3" begin="2831" end="3013" sentenceNumber="45"/>
    <org.apache.ctakes.typesystem.type.textspan.Sentence _indexed="1" _id="344" _ref_sofa="3" begin="3014" end="3028" sentenceNumber="46"/>
    <org.apache.ctakes.typesystem.type.textspan.Sentence _indexed="1" _id="350" _ref_sofa="3" begin="3028" end="3038" sentenceNumber="47"/>
    <org.apache.ctakes.typesystem.type.textspan.Sentence _indexed="1" _id="356" _ref_sofa="3" begin="3038" end="3159" sentenceNumber="48"/>
    <org.apache.ctakes.typesystem.type.textspan.Sentence _indexed="1" _id="362" _ref_sofa="3" begin="3160" end="3196" sentenceNumber="49"/>
    <org.apache.ctakes.typesystem.type.textspan.Sentence _indexed="1" _id="368" _ref_sofa="3" begin="3197" end="3239" sentenceNumber="50"/>
    <org.apache.ctakes.typesystem.type.textspan.Sentence _indexed="1" _id="374" _ref_sofa="3" begin="3240" end="3325" sentenceNumber="51"/>
    <org.apache.ctakes.typesystem.type.textspan.Sentence _indexed="1" _id="380" _ref_sofa="3" begin="3326" end="3364" sentenceNumber="52"/>
    <org.apache.ctakes.typesystem.type.textspan.Sentence _indexed="1" _id="386" _ref_sofa="3" begin="3365" end="3398" sentenceNumber="53"/>
    <org.apache.ctakes.typesystem.type.textspan.Sentence _indexed="1" _id="392" _ref_sofa="3" begin="3399" end="3420" sentenceNumber="54"/>
    <org.apache.ctakes.typesystem.type.textspan.Sentence _indexed="1" _id="398" _ref_sofa="3" begin="3421" end="3423" sentenceNumber="55"/>
    <org.apache.ctakes.typesystem.type.textspan.Sentence _indexed="1" _id="404" _ref_sofa="3" begin="3424" end="3426" sentenceNumber="56"/>
    <org.apache.ctakes.typesystem.type.textspan.Sentence _indexed="1" _id="410" _ref_sofa="3" begin="3427" end="3442" sentenceNumber="57"/>
    <org.apache.ctakes.typesystem.type.textspan.Sentence _indexed="1" _id="416" _ref_sofa="3" begin="3444" end="3651" sentenceNumber="58"/>
    <org.apache.ctakes.typesystem.type.textspan.Sentence _indexed="1" _id="422" _ref_sofa="3" begin="3652" end="3654" sentenceNumber="59"/>
    <org.apache.ctakes.typesystem.type.textspan.Sentence _indexed="1" _id="428" _ref_sofa="3" begin="3655" end="3670" sentenceNumber="60"/>
    <org.apache.ctakes.typesystem.type.textspan.Sentence _indexed="1" _id="434" _ref_sofa="3" begin="3672" end="3883" sentenceNumber="61"/>
    <org.apache.ctakes.typesystem.type.textspan.Sentence _indexed="1" _id="440" _ref_sofa="3" begin="3884" end="3896" sentenceNumber="62"/>
    <org.apache.ctakes.typesystem.type.textspan.Sentence _indexed="1" _id="446" _ref_sofa="3" begin="3897" end="3951" sentenceNumber="63"/>
    <org.apache.ctakes.typesystem.type.textspan.Sentence _indexed="1" _id="452" _ref_sofa="3" begin="3952" end="4215" sentenceNumber="64"/>
    <org.apache.ctakes.typesystem.type.textspan.Sentence _indexed="1" _id="458" _ref_sofa="3" begin="4216" end="4354" sentenceNumber="65"/>
    <org.apache.ctakes.typesystem.type.textspan.Sentence _indexed="1" _id="464" _ref_sofa="3" begin="4355" end="4445" sentenceNumber="66"/>
    <org.apache.ctakes.typesystem.type.textspan.Sentence _indexed="1" _id="470" _ref_sofa="3" begin="4446" end="4448" sentenceNumber="67"/>
    <org.apache.ctakes.typesystem.type.textspan.Sentence _indexed="1" _id="476" _ref_sofa="3" begin="4449" end="4451" sentenceNumber="68"/>
    <org.apache.ctakes.typesystem.type.textspan.Sentence _indexed="1" _id="482" _ref_sofa="3" begin="4452" end="4467" sentenceNumber="69"/>
</CAS>
